017000200000177801200031215110   .31395200                                                                                                                                                              
017000200000177801300031215110   .31395200                                                                                                                                                              
901700161000177801200031215110   .31395200                                                                                                                                                              
901700161000177801300031215110   .31395200                                                                                                                                                              
901700194000177801200031215110   .01569760                                                                                                                                                              
901700194000177801300031215110   .01569760                                                                                                                                                              
017000200010177801200031215110   .31395200                                                                                                                                                              
017000200010177801300031215110   .31395200                                                                                                                                                              
901700216000177801200031215110   .01569760                                                                                                                                                              
901700216000177801300031215110   .01569760                                                                                                                                                              
017001700000177801200031215110   .31395200                                                                                                                                                              
017001700000177801300031215110   .31395200                                                                                                                                                              
017000200100177801200031215110   .31395200                                                                                                                                                              
017000200100177801300031215110   .31395200                                                                                                                                                              
017000200110177801200031215110   .31395200                                                                                                                                                              
017000200110177801300031215110   .31395200                                                                                                                                                              
901700194100177801200031215110   .01569760                                                                                                                                                              
901700194100177801300031215110   .01569760                                                                                                                                                              
901700216110177801200031215110   .01569760                                                                                                                                                              
901700216110177801300031215110   .01569760                                                                                                                                                              
001700200000177801200031215110   .31395200                                                                                                                                                              
001700200000177801300031215110   .31395200                                                                                                                                                              
017000200000178900400031210104   .07154750                                                                                                                                                              
017000200000178900300031210104   .18380000                                                                                                                                                              
017000200000178900600031210104   .03612500                                                                                                                                                              
017000200010178900600131210104   .03612500                                                                                                                                                              
017000200020178900400131210104   .03577375                                                                                                                                                              
017000200020178900400031210104   .03577375                                                                                                                                                              
017000200020178900300131210104   .09190000                                                                                                                                                              
017000200020178900300031210104   .09190000                                                                                                                                                              
017000200020178900600031210104   .03612500                                                                                                                                                              
901700161000178900400031210104   .28625000                                                                                                                                                              
901700161000178900300031210104   .73525000                                                                                                                                                              
901700194000178900400031210104   .07154750                                                                                                                                                              
901700194000178900300031210104   .03676000                                                                                                                                                              
901700194000178900600031210104   .03612500                                                                                                                                                              
062000600000627103200031210104   .08175000                                                                                                                                                              
062000600000627102100031210104   .01800000                                                                                                                                                              
062000600000627205500031210104   .06425000                                                                                                                                                              
062000600000627210700031210104   .03612500                                                                                                                                                              
062000600010627103200031210104   .08175000                                                                                                                                                              
062000600010627102100031210104   .01800000                                                                                                                                                              
062000600010627205500031210104   .06425000                                                                                                                                                              
062000600010627210700031210104   .03612500                                                                                                                                                              
062000600000628970500031210104   .00364975                                                                                                                                                              
062000600000628970600031210104  1.50060000                                                                                                                                                              
062000600010628970500031210104   .00364975                                                                                                                                                              
062000600010628970600031210104  1.50060000                                                                                                                                                              
906200161000627102100031210104   .07200000                                                                                                                                                              
906200161000627103200031210104   .32700000                                                                                                                                                              
906200161000627205500031210104   .12850000                                                                                                                                                              
906200161000627210700031210104   .07225000                                                                                                                                                              
906200129000627103200031210104   .01635000                                                                                                                                                              
906200129000627102100031210104   .00720000                                                                                                                                                              
906200129000627205500031210104   .01285000                                                                                                                                                              
906200129000627210700031210104   .01085000                                                                                                                                                              
906200140000627103200031210104   .01635000                                                                                                                                                              
906200140000627102100031210104   .00720000                                                                                                                                                              
906200140000627205500031210104   .01285000                                                                                                                                                              
906200140000627210700031210104   .01085000                                                                                                                                                              
906200129000628970500031210104   .00364975                                                                                                                                                              
906200129000628970600031210104   .45017500                                                                                                                                                              
072001800000786727200031210104   .04475000                                                                                                                                                              
066000000000786727200031210104   .04475000                                                                                                                                                              
078700200000786727200031210104   .04475000                                                                                                                                                              
076500000000786727200031210104   .04475000                                                                                                                                                              
911400114000786727200031210104   .08950000                                                                                                                                                              
901400003000786727200031210104   .00223750                                                                                                                                                              
902400003000786727200031210104   .00223750                                                                                                                                                              
925200001000786727200031210104   .00223750                                                                                                                                                              
991700004000786727200031210104   .04475000                                                                                                                                                              
991500002000786727200031210104   .04475000                                                                                                                                                              
991771010000786727200031210104   .00223750                                                                                                                                                              
991571018000786727200031210104   .00223750                                                                                                                                                              
901700161000173904500031210104                                                                                                                                                                          
906200140000628970500031210104   .00364975                                                                                                                                                              
906200140000628970600031210104   .45017500                                                                                                                                                              
056000000010560001100031210104   .07967500                                                                                                                                                              
905600002000560011000031210104   .07967500                                                                                                                                                              
905600015000627103200031210104   .08175000                                                                                                                                                              
905600015000627102100031210104   .01800000                                                                                                                                                              
905600015000627205500031210104   .06425000                                                                                                                                                              
905600015000627210700031210104   .03612500                                                                                                                                                              
905600015009056120100031210104   .03167500                                                                                                                                                              
017000200000173904500031218084   .27063600                                                                                                                                                              
901700161000173904500031218084   .49144000                                                                                                                                                              
901700194000173904500031218084   .01228800                                                                                                                                                              
056000000019200096270131210104   .01890500                                                                                                                                                              
905600002009200096270131210104   .01890500                                                                                                                                                              
901700216000173904500031218084   .01228800                                                                                                                                                              
901700216000178900600031210104   .03612500                                                                                                                                                              
017000200010173904500031218084   .27063600                                                                                                                                                              
01700020000è•‡•Ø†©™†  31218084   .04059600                                                                                                                                                              
01700020001è•‡•Ø†©™†  31218084   .04059600                                                                                                                                                              
90170016100è•‡•Ø†©™†  31218084   .07372000                                                                                                                                                              
90170019400è•‡•Ø†©™†  31218084   .00184400                                                                                                                                                              
90170021600è•‡•Ø†©™†  31218084   .00184400                                                                                                                                                              
017001700000173904500031218084   .27063600                                                                                                                                                              
01700170000èÖêÖèÄâäÄ  31218084   .04059600                                                                                                                                                              
017000200100173904500031218084   .27063600                                                                                                                                                              
01700020010èÖêÖèÄâäÄ  31218084   .04059600                                                                                                                                                              
017000200110173904500031218084   .27063600                                                                                                                                                              
01700020011èÖêÖèÄâäÄ  31218084   .04059600                                                                                                                                                              
017001700000178900400031210104   .07154750                                                                                                                                                              
017001700000178900300031210104   .18380000                                                                                                                                                              
017001700000178900600031210104   .03612500                                                                                                                                                              
017000200100178900400031210104   .07154750                                                                                                                                                              
017000200100178900300031210104   .18380000                                                                                                                                                              
017000200100178900600031210104   .03612500                                                                                                                                                              
017000200110178900600031210104   .03612500                                                                                                                                                              
901700194100173904500031218084   .01228800                                                                                                                                                              
90170019410èÖêÖèÄâäÄ  31218084   .00184400                                                                                                                                                              
901700216110173904500031218084   .01228800                                                                                                                                                              
90170021611èÖêÖèÄâäÄ  31218084   .00184400                                                                                                                                                              
901700194100178900400031210104   .07154750                                                                                                                                                              
901700194100178900300031210104   .03676000                                                                                                                                                              
901700194100178900600031210104   .03612500                                                                                                                                                              
901700216110178900600031210104   .03612500                                                                                                                                                              
062000600020627103200031210104   .08175000                                                                                                                                                              
062000600020627102100031210104   .01800000                                                                                                                                                              
062000600020627205500031210104   .06425000                                                                                                                                                              
062000600020627210700031210104   .03612500                                                                                                                                                              
062000600030627103200031210104   .08175000                                                                                                                                                              
062000600030627102100031210104   .01800000                                                                                                                                                              
062000600030627205500031210104   .06425000                                                                                                                                                              
062000600030627210700031210104   .03612500                                                                                                                                                              
062000600020628970500031210104   .00364975                                                                                                                                                              
062000600020628970600031210104  1.50060000                                                                                                                                                              
062000600030628970500031210104   .00365075                                                                                                                                                              
062000600030628970600031210104  1.50060000                                                                                                                                                              
906200129020627103200031210104   .01635000                                                                                                                                                              
906200129020627102100031210104   .00720000                                                                                                                                                              
906200129020627205500031210104   .01285000                                                                                                                                                              
906200129020627210700031210104   .01085000                                                                                                                                                              
906200140030627103200031210104   .01635000                                                                                                                                                              
906200140030627102100031210104   .00720000                                                                                                                                                              
906200140030627205500031210104   .01285000                                                                                                                                                              
906200140030627210700031210104   .01085000                                                                                                                                                              
906200129020628970500031210104   .00364975                                                                                                                                                              
906200129020628970600031210104   .45017500                                                                                                                                                              
906200140030628970500031210104   .00364975                                                                                                                                                              
906200140030628970600031210104   .45017500                                                                                                                                                              
076500000010786727200031210104   .04475000                                                                                                                                                              
378700600000786727200031210104   .04475000                                                                                                                                                              
054000100000548900600031210104   .07699750                                                                                                                                                              
054000100000548900300031210104   .87010000                                                                                                                                                              
905600000010560001100031210104   .07967500                                                                                                                                                              
017890030000178900400031210104                                                                                                                                                                          
017002200000173904500031218084   .27063600                                                                                                                                                              
01700220000è•‡•Ø†©™†  31218084   .04059600                                                                                                                                                              
017002200000178900400031210104   .07154750                                                                                                                                                              
017002200000178900300031210104   .18380000                                                                                                                                                              
017002200000178900600031210104   .03612500                                                                                                                                                              
017002200000178904100031210104   .02000000                                                                                                                                                              
051000500000887222500031218084  2.79340000                                                                                                                                                              
051000500000887222500031210104   .00074725                                                                                                                                                              
051000500000627205500031210104   .12849600                                                                                                                                                              
001700200000173904500031218084   .27063600                                                                                                                                                              
00170020000èÖêÖèÄâäÄ  31218084   .04059600                                                                                                                                                              
017001900000173904500031218084   .27063600                                                                                                                                                              
01700190000èÖêÖèÄâäÄ  31218084   .04059600                                                                                                                                                              
001700200000178900600031210104   .03612500                                                                                                                                                              
017001900000178900400031210104   .07154750                                                                                                                                                              
017001900000178900300031210104   .18380000                                                                                                                                                              
017001900000178900600031210104   .03612500                                                                                                                                                              
017001900000178904100031210104   .02000000                                                                                                                                                              
017000200000174906990056114002   .11165400                                                                                                                                                              
017000200000174906990056114002   .00591700                                                                                                                                                              
062000600007181062061256114002  2.90600000                                                                                                                                                              
062000600007181062061256114002   .02856000                                                                                                                                                              
901700161000174906990056114002  1.11654000                                                                                                                                                              
901700161000174906990056114002   .05583000                                                                                                                                                              
062000600017181062061256114002  3.06800000                                                                                                                                                              
062000600017181062061256114002   .03015000                                                                                                                                                              
062000600007341016391256114002   .11593680                                                                                                                                                              
062000600007341016391256114002   .00382500                                                                                                                                                              
062000600017341016391256114002   .11593600                                                                                                                                                              
062000600017341016391256114002   .00382500                                                                                                                                                              
906200161007181062061256114002 30.79000000                                                                                                                                                              
906200161007181062061256114002   .29470000                                                                                                                                                              
906200140007181062061256114002  3.06800000                                                                                                                                                              
056000000017341046241256114002   .03530800                                                                                                                                                              
056000000017341046241256114002   .00116500                                                                                                                                                              
017490699000174906990056114002                                                                                                                                                                          
906200129007181062061256114002  2.90600000                                                                                                                                                              
906200129007181062061256114002   .02856000                                                                                                                                                              
906200140007181062061256114002   .03015000                                                                                                                                                              
901700194000174906990056114002   .04466200                                                                                                                                                              
901700194000174906990056114002   .00223300                                                                                                                                                              
056000000017341046241256114002                                                                                                                                                                          
905600015007181062061256114002  2.63000000                                                                                                                                                              
905600015007181062061256114002   .02584000                                                                                                                                                              
017000200010174906990056114002   .11165400                                                                                                                                                              
017000200010174906990056114002   .00591700                                                                                                                                                              
901700216000174906990056114002   .04466200                                                                                                                                                              
901700216000174906990056114002   .00223300                                                                                                                                                              
905600002007341046241256114002   .01765400                                                                                                                                                              
905600002007341046241256114002   .00058260                                                                                                                                                              
906200129007341016391256114002   .03478300                                                                                                                                                              
906200129007341016391256114002   .00191300                                                                                                                                                              
906200140007341016391256114002   .03478300                                                                                                                                                              
906200140007341016391256114002   .00191300                                                                                                                                                              
017001700000174906990056114002   .11165400                                                                                                                                                              
017001700000174906990056114002   .00591700                                                                                                                                                              
017000200100174906990056114002   .11165400                                                                                                                                                              
017000200100174906990056114002   .00591700                                                                                                                                                              
017000200110174906990056114002   .11165400                                                                                                                                                              
017000200110174906990056114002   .00591700                                                                                                                                                              
901700161000174906990156114002                                                                                                                                                                          
901700194100174906990056114002   .04466200                                                                                                                                                              
901700194100174906990056114002   .00223300                                                                                                                                                              
901700216110174906990056114002   .04466200                                                                                                                                                              
901700216110174906990056114002   .00223300                                                                                                                                                              
062000600027341016391256114002   .11593680                                                                                                                                                              
062000600027341016391256114002   .00382500                                                                                                                                                              
062000600037341016391256114002   .11593680                                                                                                                                                              
062000600037341016391256114002   .00382500                                                                                                                                                              
062000600027181062061256114002  2.90600000                                                                                                                                                              
062000600027181062061256114002   .02856000                                                                                                                                                              
062000600027181062061256114002                                                                                                                                                                          
062000600037181062061256114002  3.06800000                                                                                                                                                              
062000600037181062061256114002   .03015000                                                                                                                                                              
906200129027181062061256114002  2.90600000                                                                                                                                                              
906200129027181062061256114002   .02856000                                                                                                                                                              
9062001400056114      56114002                                                                                                                                                                          
906200140037181062061256114002  3.06800000                                                                                                                                                              
906200140037181062061256114002   .03015000                                                                                                                                                              
906200129027341016391256114002   .03478300                                                                                                                                                              
906200129027341016391256114002   .00191300                                                                                                                                                              
906200140037341016391256114002   .03478300                                                                                                                                                              
906200140037341016391256114002   .00191300                                                                                                                                                              
017002200000174906990056114002   .11165400                                                                                                                                                              
017002200000174906990056114002   .00591700                                                                                                                                                              
001700200000174906990056114002   .11165400                                                                                                                                                              
001700200000174906990056114002   .00591700                                                                                                                                                              
017001900000174906990056114002   .11165400                                                                                                                                                              
017001900000174906990056114002   .00591700                                                                                                                                                              
